// Jest Snapshot v1, https://goo.gl/fbAQLP

exports[`SwapRouter gas tests #exactInput 0 -> 1 -> 2 1`] = `175684`;

exports[`SwapRouter gas tests #exactInput 0 -> 1 1`] = `109411`;

exports[`SwapRouter gas tests #exactInput 0 -> 1 minimal 1`] = `98845`;

exports[`SwapRouter gas tests #exactInput 0 -> WETH9 1`] = `129071`;

exports[`SwapRouter gas tests #exactInput 2 trades (via router) 1`] = `192669`;

exports[`SwapRouter gas tests #exactInput 3 trades (directly to sender) 1`] = `263412`;

exports[`SwapRouter gas tests #exactInput WETH9 -> 0 1`] = `107435`;

exports[`SwapRouter gas tests #exactInputSingle 0 -> 1 1`] = `108657`;

exports[`SwapRouter gas tests #exactInputSingle 0 -> WETH9 1`] = `128311`;

exports[`SwapRouter gas tests #exactInputSingle WETH9 -> 0 1`] = `106681`;

exports[`SwapRouter gas tests #exactOutput 0 -> 1 -> 2 1`] = `172347`;

exports[`SwapRouter gas tests #exactOutput 0 -> 1 1`] = `113618`;

exports[`SwapRouter gas tests #exactOutput 0 -> WETH9 1`] = `131201`;

exports[`SwapRouter gas tests #exactOutput WETH9 -> 0 1`] = `120451`;

exports[`SwapRouter gas tests #exactOutputSingle 0 -> 1 1`] = `113768`;

exports[`SwapRouter gas tests #exactOutputSingle 0 -> WETH9 1`] = `131351`;

exports[`SwapRouter gas tests #exactOutputSingle WETH9 -> 0 1`] = `115156`;

exports[`SwapRouter gas tests 3 trades (directly to sender) 1`] = `182590`;
